0, 0 = 0
0, 1 = 1
0, 4 = 4
1, 0 = 1
1, 1 = 1.41421
1, 4 = 4.12311
3, 0 = 3
3, 1 = 3.16228
3, 4 = 5
