hello, cruel, world = hellocruelworld
hello, cruel, later = hellocruellater
hello, cruel, White = hellocruelWhite
hello, you, world = helloyouworld
hello, you, later = helloyoulater
hello, you, White = helloyouWhite
hello,  Edmund , world = hello Edmund world
hello,  Edmund , later = hello Edmund later
hello,  Edmund , White = hello Edmund White
see, cruel, world = seecruelworld
see, cruel, later = seecruellater
see, cruel, White = seecruelWhite
see, you, world = seeyouworld
see, you, later = seeyoulater
see, you, White = seeyouWhite
see,  Edmund , world = see Edmund world
see,  Edmund , later = see Edmund later
see,  Edmund , White = see Edmund White
Walter, cruel, world = Waltercruelworld
Walter, cruel, later = Waltercruellater
Walter, cruel, White = WaltercruelWhite
Walter, you, world = Walteryouworld
Walter, you, later = Walteryoulater
Walter, you, White = WalteryouWhite
Walter,  Edmund , world = Walter Edmund world
Walter,  Edmund , later = Walter Edmund later
Walter,  Edmund , White = Walter Edmund White
