0 = 0
1 = 1
-1 = negative value (-1.000000)
2 = 1.41421
