alpha = Point(x=1.000, y=2.000)
bravo = Point(x=3.000, y=4.000)
